---
source: tests/adapters.rs
expression: summarize(& session)
---
{
  "active": [
    {
      "detail": "Implement the manifest loader with five trust tiers. Never auto-install extensions from the registry without asking me.",
      "evt": 0,
      "kind": "user_message",
      "stream": 0
    },
    {
      "detail": "I'll start with the manifest schema, then wire the tiers into ModuleHost.",
      "evt": 1,
      "kind": "assistant_text",
      "stream": 0
    },
    {
      "detail": "Read (Read) {\"file_path\":\"src/host/module-host.ts\"}",
      "evt": 2,
      "kind": "tool_call",
      "stream": 0
    },
    {
      "detail": "error=Some(false) exit=None export class ModuleHost { ↵   spawn() {} ↵ } ↵ ",
      "evt": 3,
      "kind": "tool_result",
      "stream": 0
    },
    {
      "detail": "TodoWrite (Plan) {\"todos\":[{\"content\":\"define the manifest schema\",\"status\":\"completed\"},{\"content\":\"wire TrustTier::Sandboxed into ModuleHost::spawn\",\"status\":",
      "evt": 4,
      "kind": "tool_call",
      "stream": 0
    },
    {
      "detail": "[completed] define the manifest schema | [in_progress] wire TrustTier::Sandboxed into ModuleHost::spawn | [pending] tests for tier 3",
      "evt": 5,
      "kind": "plan_update",
      "stream": 0
    },
    {
      "detail": "error=Some(false) exit=None Todos updated",
      "evt": 6,
      "kind": "tool_result",
      "stream": 0
    },
    {
      "detail": "Edit (Edit) {\"file_path\":\"src/host/module-host.ts\",\"new_string\":\"spawn(caps: CapabilitySet) {\\n    this.tier = caps.tier;\\n  }\",\"old_string\":\"spawn() {}\"}",
      "evt": 7,
      "kind": "tool_call",
      "stream": 0
    },
    {
      "detail": "error=Some(false) exit=None The file src/host/module-host.ts has been updated.",
      "evt": 8,
      "kind": "tool_result",
      "stream": 0
    },
    {
      "detail": "Bash (Shell) {\"command\":\"pnpm vitest run packages/ext-engine\"}",
      "evt": 9,
      "kind": "tool_call",
      "stream": 0
    },
    {
      "detail": "error=Some(true) exit=None FAIL packages/ext-engine/host.test.ts ↵   TypeError: Cannot read properties of undefined (reading 'capabilities') ↵     at ModuleHost",
      "evt": 10,
      "kind": "tool_result",
      "stream": 0
    },
    {
      "detail": "The capability set is not resolved before spawn. I need to pass the resolved set, not the raw manifest.",
      "evt": 11,
      "kind": "assistant_text",
      "stream": 0
    },
    {
      "detail": "ok now make tier 3 actually sandboxed",
      "evt": 12,
      "kind": "user_message",
      "stream": 0
    },
    {
      "detail": "Tier 3 needs child-process isolation.",
      "evt": 13,
      "kind": "reasoning",
      "stream": 0
    },
    {
      "detail": "Bash (Shell) {\"command\":\"pnpm vitest run packages/ext-engine\"}",
      "evt": 14,
      "kind": "tool_call",
      "stream": 0
    },
    {
      "detail": "error=Some(true) exit=None FAIL packages/ext-engine/host.test.ts ↵   TypeError: Cannot read properties of undefined (reading 'capabilities') ↵     at ModuleHost",
      "evt": 15,
      "kind": "tool_result",
      "stream": 0
    }
  ],
  "active_indices": [
    0,
    1,
    2,
    3,
    4,
    5,
    6,
    7,
    8,
    9,
    10,
    11,
    12,
    13,
    14,
    15
  ],
  "agent": "claude-code",
  "diagnostics": [],
  "events": 17,
  "id": "7c1e8f82-4d5e-6f70-8192-a3b4c5d6e7f8",
  "kind_counts": {
    "assistant_text": 2,
    "plan_update": 1,
    "reasoning": 1,
    "tool_call": 5,
    "tool_result": 5,
    "user_message": 2
  },
  "meta": {
    "agent_version": "2.1.7",
    "cwd": "/home/dev/acryl",
    "ended_at": "2026-08-28T10:09:00.000Z",
    "git_branch": "feat/ext-engine",
    "models": [
      "claude-sonnet-4-5"
    ],
    "started_at": "2026-08-28T09:12:44.000Z",
    "title": "ACRYL extension engine — manifest loader and trust tiers"
  },
  "native_compactions": [],
  "user_turns": 2
}
